
AVRASM ver. 2.1.30  E:\Project\BalancingRobot-Arduino\Debug\List\Self_Balancing_Rover.asm Sat Jun 20 15:10:55 2026

E:\Project\BalancingRobot-Arduino\Debug\List\Self_Balancing_Rover.asm(4646): warning: Use of undefined or forward referenced symbol '__i2c_port' in .equ/.set
E:\Project\BalancingRobot-Arduino\Debug\List\Self_Balancing_Rover.asm(4647): warning: Use of undefined or forward referenced symbol '__i2c_port' in .equ/.set
E:\Project\BalancingRobot-Arduino\Debug\List\Self_Balancing_Rover.asm(4648): warning: Use of undefined or forward referenced symbol '__i2c_port' in .equ/.set
E:\Project\BalancingRobot-Arduino\Debug\List\Self_Balancing_Rover.asm(4649): warning: Use of undefined or forward referenced symbol '__i2c_port' in .equ/.set
E:\Project\BalancingRobot-Arduino\Debug\List\Self_Balancing_Rover.asm(4651): error: Duplicate label: '_i2c_init'
E:\Project\BalancingRobot-Arduino\Debug\List\Self_Balancing_Rover.asm(4658): error: Duplicate label: '_i2c_start'
E:\Project\BalancingRobot-Arduino\Debug\List\Self_Balancing_Rover.asm(4676): error: Duplicate label: '_i2c_stop'
E:\Project\BalancingRobot-Arduino\Debug\List\Self_Balancing_Rover.asm(4722): error: Duplicate label: '_i2c_write'
