RAM Allocation [bytes]
Variable                                                                          Address   Size
------------------------------------------------------------------------------------------------
g_tick                                                                            0x03DD       1
imu                                                                               0x03DE      20
filt                                                                              0x03F2       9
pid                                                                               0x03FB      37
line (Self_Balancing_Rover.c)                                                     0x0420      16
idx (Self_Balancing_Rover.c)                                                      0x0430       1
gyro_bias (mpu6050.c)                                                             0x0431       4
who_id (mpu6050.c)                                                                0x0435       1
_seed (stdlib.lib)                                                                0x0436       4

EEPROM Allocation [bytes]
Variable                                                                          Address   Size
------------------------------------------------------------------------------------------------

Register Allocation
Variable                                                                          Register  Size
------------------------------------------------------------------------------------------------
